// Jest Snapshot v1, https://goo.gl/fbAQLP

exports[`CTAButton should match snapshot 1`] = `
<div>
  <a
    class="px-6 py-3 font-bold rounded-md text-lg bg-off-white text-charcoal-grey-500 block text-center"
    href="/"
  >
    Test
  </a>
</div>
`;
