// Jest Snapshot v1, https://goo.gl/fbAQLP

exports[`CTAButton should match snapshot 1`] = `
<div>
  <h1
    class="font-serif tracking-tight font-bold text-5xl md:text-6xl lg:text-7xl text-off-white"
  >
    Test
  </h1>
</div>
`;
